<?xml version="1.0" encoding="utf-8"?>
<TestRun id="66d9e1ad-2c97-45f0-b509-9ee0eb8c9970" name="BenjaminMichaelis@ 2025-06-13 00:02:19" runUser="Ben" xmlns="http://microsoft.com/schemas/VisualStudio/TeamTest/2010">
  <Times creation="2025-06-13T00:02:19.1522095-07:00" queuing="2025-06-13T00:02:19.1522099-07:00" start="2025-06-13T00:02:18.2898917-07:00" finish="2025-06-13T00:02:21.5062417-07:00" />
  <TestSettings name="default" id="f1346b52-c506-44b2-a272-0a725d5918fe">
    <Deployment runDeploymentRoot="BenjaminMichaelis_2025-06-13_00_02_19" />
  </TestSettings>
  <Results>
    <UnitTestResult executionId="c7f3fbb6-9325-4086-b9fb-fe094e3926a8" testId="eaedd574-aab7-a4f5-4830-af8972a67715" testName="EssentialCSharp.Web.Extensions.Tests.StringExtensionsTests.SanitizeStringToOnlyHaveDashesAndLowerCase(actual: &quot;Bitwise Operators (&lt;&lt;, &gt;&gt;, |, &amp;, ^, ~)&quot;, sanitized: &quot;bitwise-operators&quot;)" computerName="" duration="00:00:00.0000035" startTime="2025-06-13T00:02:19.1163157-07:00" endTime="2025-06-13T00:02:19.1163564-07:00" testType="13cdc9d9-ddb5-4fa4-a97d-d965ccfc6d4b" outcome="Passed" testListId="8c84fa94-04c1-424b-9868-57a2d4851a1d" relativeResultsDirectory="c7f3fbb6-9325-4086-b9fb-fe094e3926a8" />
    <UnitTestResult executionId="acd63447-2ae6-469d-838a-a7712a4d7fd8" testId="4e462c36-4113-809a-1a7b-304b2ffc9a5b" testName="EssentialCSharp.Web.Tests.FunctionalTests.WhenTheApplicationStarts_ItCanLoadLoadPages(relativeUrl: &quot;/hello-world#hello-world&quot;)" computerName="" duration="00:00:01.8142496" startTime="2025-06-13T00:02:19.0589974-07:00" endTime="2025-06-13T00:02:20.8814736-07:00" testType="13cdc9d9-ddb5-4fa4-a97d-d965ccfc6d4b" outcome="Passed" testListId="8c84fa94-04c1-424b-9868-57a2d4851a1d" relativeResultsDirectory="acd63447-2ae6-469d-838a-a7712a4d7fd8" />
    <UnitTestResult executionId="1adec59d-d2f8-4bfc-b915-3023e688ac40" testId="6bfcea50-f677-d068-3ada-f9931a29e627" testName="EssentialCSharp.Web.Extensions.Tests.StringExtensionsTests.SanitizeStringToOnlyHaveDashesAndLowerCase(actual: &quot;C# Syntax_Fundamentals-for-me&quot;, sanitized: &quot;c-syntax-fundamentals-for-me&quot;)" computerName="" duration="00:00:00.0088687" startTime="2025-06-13T00:02:19.0604159-07:00" endTime="2025-06-13T00:02:19.0783036-07:00" testType="13cdc9d9-ddb5-4fa4-a97d-d965ccfc6d4b" outcome="Passed" testListId="8c84fa94-04c1-424b-9868-57a2d4851a1d" relativeResultsDirectory="1adec59d-d2f8-4bfc-b915-3023e688ac40" />
    <UnitTestResult executionId="a7a32b98-9138-418c-bd91-c1cd56efc995" testId="33a4ee73-4b0e-e25c-41c6-875c7db8b620" testName="EssentialCSharp.Web.Extensions.Tests.StringExtensionsTests.SanitizeStringToOnlyHaveDashesAndLowerCase(actual: &quot;C#&quot;, sanitized: &quot;c&quot;)" computerName="" duration="00:00:00.0000022" startTime="2025-06-13T00:02:19.0862419-07:00" endTime="2025-06-13T00:02:19.0862839-07:00" testType="13cdc9d9-ddb5-4fa4-a97d-d965ccfc6d4b" outcome="Passed" testListId="8c84fa94-04c1-424b-9868-57a2d4851a1d" relativeResultsDirectory="a7a32b98-9138-418c-bd91-c1cd56efc995" />
    <UnitTestResult executionId="00dc07b8-b245-4632-b94e-c0e47707d746" testId="1101e987-1440-9748-c756-1a0ec43b8764" testName="EssentialCSharp.Web.Extensions.Tests.StringExtensionsTests.SanitizeStringToOnlyHaveDashesAndLowerCase(actual: &quot; ExtraSpacing &quot;, sanitized: &quot;extraspacing&quot;)" computerName="" duration="00:00:00.0000051" startTime="2025-06-13T00:02:19.0861261-07:00" endTime="2025-06-13T00:02:19.0861724-07:00" testType="13cdc9d9-ddb5-4fa4-a97d-d965ccfc6d4b" outcome="Passed" testListId="8c84fa94-04c1-424b-9868-57a2d4851a1d" relativeResultsDirectory="00dc07b8-b245-4632-b94e-c0e47707d746" />
    <UnitTestResult executionId="ef2ddc7f-fac3-4af9-8d88-a059695e7251" testId="31ac6b2f-1fc0-6011-ddeb-00a8f0f21c77" testName="EssentialCSharp.Web.Extensions.Tests.Integration.CaptchaTests.CaptchaService_Verify_Success" computerName="" duration="00:00:00.2464626" startTime="2025-06-13T00:02:19.1212422-07:00" endTime="2025-06-13T00:02:19.3683205-07:00" testType="13cdc9d9-ddb5-4fa4-a97d-d965ccfc6d4b" outcome="Passed" testListId="8c84fa94-04c1-424b-9868-57a2d4851a1d" relativeResultsDirectory="ef2ddc7f-fac3-4af9-8d88-a059695e7251" />
    <UnitTestResult executionId="802e418f-eb14-467d-b2ec-b390334ccd78" testId="e044d912-2006-8597-d74a-b59bccb53ab7" testName="EssentialCSharp.Web.Extensions.Tests.StringExtensionsTests.SanitizeStringToOnlyHaveDashesAndLowerCase(actual: &quot;.NET Standard&quot;, sanitized: &quot;net-standard&quot;)" computerName="" duration="00:00:00.0000066" startTime="2025-06-13T00:02:19.1161566-07:00" endTime="2025-06-13T00:02:19.1162306-07:00" testType="13cdc9d9-ddb5-4fa4-a97d-d965ccfc6d4b" outcome="Passed" testListId="8c84fa94-04c1-424b-9868-57a2d4851a1d" relativeResultsDirectory="802e418f-eb14-467d-b2ec-b390334ccd78" />
    <UnitTestResult executionId="023ff08a-b429-48d4-a11e-e05227a4eb31" testId="bd1997df-8e75-50f4-9750-17aa53f37720" testName="EssentialCSharp.Web.Extensions.Tests.StringExtensionsTests.GetPotentialMatches(actual: &quot;C#Syntax&quot;, match: &quot;csyntax&quot;)" computerName="" duration="00:00:00.0031054" startTime="2025-06-13T00:02:19.1170722-07:00" endTime="2025-06-13T00:02:19.1171201-07:00" testType="13cdc9d9-ddb5-4fa4-a97d-d965ccfc6d4b" outcome="Passed" testListId="8c84fa94-04c1-424b-9868-57a2d4851a1d" relativeResultsDirectory="023ff08a-b429-48d4-a11e-e05227a4eb31" />
    <UnitTestResult executionId="9a1fe0e7-f1d5-4e34-a5b1-b890a137526a" testId="1deb186b-e0fd-4e17-6b8d-9a11f2be9170" testName="EssentialCSharp.Web.Extensions.Tests.StringExtensionsTests.SanitizeStringToOnlyHaveDashesAndLowerCase(actual: &quot;Hello World&quot;, sanitized: &quot;hello-world&quot;)" computerName="" duration="00:00:00.0000022" startTime="2025-06-13T00:02:19.1157815-07:00" endTime="2025-06-13T00:02:19.1158525-07:00" testType="13cdc9d9-ddb5-4fa4-a97d-d965ccfc6d4b" outcome="Passed" testListId="8c84fa94-04c1-424b-9868-57a2d4851a1d" relativeResultsDirectory="9a1fe0e7-f1d5-4e34-a5b1-b890a137526a" />
    <UnitTestResult executionId="ce9935e1-a616-4e4f-ac60-005eb0569395" testId="851e24ea-29b9-dafc-c3d3-f707b2f74d76" testName="EssentialCSharp.Web.Extensions.Tests.StringExtensionsTests.GetPotentialMatches(actual: &quot;hello-world#hello-world&quot;, match: &quot;hello-world&quot;)" computerName="" duration="00:00:00.0000160" startTime="2025-06-13T00:02:19.1175319-07:00" endTime="2025-06-13T00:02:19.1175820-07:00" testType="13cdc9d9-ddb5-4fa4-a97d-d965ccfc6d4b" outcome="Passed" testListId="8c84fa94-04c1-424b-9868-57a2d4851a1d" relativeResultsDirectory="ce9935e1-a616-4e4f-ac60-005eb0569395" />
    <UnitTestResult executionId="254e1bff-d2f5-4e46-a9e4-4ce76e93caea" testId="fe528e84-bb8d-bd8b-ade5-ec680e02ca89" testName="EssentialCSharp.Web.Extensions.Tests.StringExtensionsTests.SanitizeStringToOnlyHaveDashesAndLowerCase(actual: &quot;Coding the Publish–Subscribe Pattern with Multicas&quot;···, sanitized: &quot;coding-the-publish-subscribe-pattern-with-multicas&quot;···)" computerName="" duration="00:00:00.0003312" startTime="2025-06-13T00:02:19.0849477-07:00" endTime="2025-06-13T00:02:19.0849902-07:00" testType="13cdc9d9-ddb5-4fa4-a97d-d965ccfc6d4b" outcome="Passed" testListId="8c84fa94-04c1-424b-9868-57a2d4851a1d" relativeResultsDirectory="254e1bff-d2f5-4e46-a9e4-4ce76e93caea" />
    <UnitTestResult executionId="fbbd1c93-69c1-4f4f-b785-2d6ce6987b24" testId="be3199a5-cc90-18dd-5ae5-64b81b4c2faa" testName="EssentialCSharp.Web.Extensions.Tests.StringExtensionsTests.GetPotentialMatches(actual: &quot;System.Threading&quot;, match: &quot;system-threading&quot;)" computerName="" duration="00:00:00.0001896" startTime="2025-06-13T00:02:19.1172069-07:00" endTime="2025-06-13T00:02:19.1174487-07:00" testType="13cdc9d9-ddb5-4fa4-a97d-d965ccfc6d4b" outcome="Passed" testListId="8c84fa94-04c1-424b-9868-57a2d4851a1d" relativeResultsDirectory="fbbd1c93-69c1-4f4f-b785-2d6ce6987b24" />
    <UnitTestResult executionId="8878aec8-8146-43ce-8cef-db60c77e7c90" testId="9f60f0fb-427e-be80-9aa6-32172b880db3" testName="EssentialCSharp.Web.Tests.FunctionalTests.WhenTheApplicationStarts_ItCanLoadLoadPages(relativeUrl: &quot;/&quot;)" computerName="" duration="00:00:00.1910177" startTime="2025-06-13T00:02:20.8816608-07:00" endTime="2025-06-13T00:02:21.0728501-07:00" testType="13cdc9d9-ddb5-4fa4-a97d-d965ccfc6d4b" outcome="Passed" testListId="8c84fa94-04c1-424b-9868-57a2d4851a1d" relativeResultsDirectory="8878aec8-8146-43ce-8cef-db60c77e7c90" />
    <UnitTestResult executionId="e03ab218-053c-4c6c-9450-b4b7bd6e1f2f" testId="f3a701af-1707-bcb2-2db2-1db7b4391b3e" testName="EssentialCSharp.Web.Tests.FunctionalTests.WhenTheApplicationStarts_ItCanLoadLoadPages(relativeUrl: &quot;/guidelines&quot;)" computerName="" duration="00:00:00.1515265" startTime="2025-06-13T00:02:21.0730077-07:00" endTime="2025-06-13T00:02:21.2248315-07:00" testType="13cdc9d9-ddb5-4fa4-a97d-d965ccfc6d4b" outcome="Passed" testListId="8c84fa94-04c1-424b-9868-57a2d4851a1d" relativeResultsDirectory="e03ab218-053c-4c6c-9450-b4b7bd6e1f2f" />
    <UnitTestResult executionId="db18a30b-cca5-4596-913c-7bc99e31ecce" testId="7420381f-7a33-0fb8-15a4-9eab7ddb9575" testName="EssentialCSharp.Web.Extensions.Tests.StringExtensionsTests.SanitizeStringToOnlyHaveDashesAndLowerCase(actual: &quot;Working with System.Threading&quot;, sanitized: &quot;working-with-system-threading&quot;)" computerName="" duration="00:00:00.0002463" startTime="2025-06-13T00:02:19.0844152-07:00" endTime="2025-06-13T00:02:19.0845070-07:00" testType="13cdc9d9-ddb5-4fa4-a97d-d965ccfc6d4b" outcome="Passed" testListId="8c84fa94-04c1-424b-9868-57a2d4851a1d" relativeResultsDirectory="db18a30b-cca5-4596-913c-7bc99e31ecce" />
    <UnitTestResult executionId="2b5334c8-51f7-4a01-92b9-7034298f7d21" testId="8a882663-7d3d-36b7-ae80-b7841642a9a3" testName="EssentialCSharp.Web.Tests.SiteMappingTests.FindHelloWorldWithAnchorSlugReturnsCorrectSiteMap" computerName="" duration="00:00:00.0000902" startTime="2025-06-13T00:02:19.1199471-07:00" endTime="2025-06-13T00:02:19.1199838-07:00" testType="13cdc9d9-ddb5-4fa4-a97d-d965ccfc6d4b" outcome="Passed" testListId="8c84fa94-04c1-424b-9868-57a2d4851a1d" relativeResultsDirectory="2b5334c8-51f7-4a01-92b9-7034298f7d21" />
    <UnitTestResult executionId="622930cd-53c7-45b4-b630-588841fe5dca" testId="054524c1-cdb4-df39-6c4b-119041bb0c67" testName="EssentialCSharp.Web.Tests.FunctionalTests.WhenTheApplicationStarts_ItCanLoadLoadPages(relativeUrl: &quot;/hello-world&quot;)" computerName="" duration="00:00:00.0975412" startTime="2025-06-13T00:02:21.2249541-07:00" endTime="2025-06-13T00:02:21.3228311-07:00" testType="13cdc9d9-ddb5-4fa4-a97d-d965ccfc6d4b" outcome="Passed" testListId="8c84fa94-04c1-424b-9868-57a2d4851a1d" relativeResultsDirectory="622930cd-53c7-45b4-b630-588841fe5dca" />
    <UnitTestResult executionId="ec24e4a4-f4f6-4b7f-9249-c5c80cb5b323" testId="b333340b-ed70-c52c-aa72-3f2151555626" testName="EssentialCSharp.Web.Extensions.Tests.StringExtensionsTests.GetPotentialMatches(actual: &quot;cSyntax&quot;, match: &quot;csyntax&quot;)" computerName="" duration="00:00:00.0000027" startTime="2025-06-13T00:02:19.1197027-07:00" endTime="2025-06-13T00:02:19.1197714-07:00" testType="13cdc9d9-ddb5-4fa4-a97d-d965ccfc6d4b" outcome="Passed" testListId="8c84fa94-04c1-424b-9868-57a2d4851a1d" relativeResultsDirectory="ec24e4a4-f4f6-4b7f-9249-c5c80cb5b323" />
    <UnitTestResult executionId="6dfd6376-d1c9-402f-9e6f-212e57fd569e" testId="d55e8f1c-09e8-9aa6-d560-07ac3be7085e" testName="EssentialCSharp.Web.Tests.FunctionalTests.WhenTheApplicationStarts_NonExistingPage_GivesCorrectStatusCode" computerName="" duration="00:00:00.1186273" startTime="2025-06-13T00:02:21.3231424-07:00" endTime="2025-06-13T00:02:21.4417963-07:00" testType="13cdc9d9-ddb5-4fa4-a97d-d965ccfc6d4b" outcome="Passed" testListId="8c84fa94-04c1-424b-9868-57a2d4851a1d" relativeResultsDirectory="6dfd6376-d1c9-402f-9e6f-212e57fd569e" />
    <UnitTestResult executionId="48794b38-235e-41e9-ac02-c0b8f8eb7e5d" testId="1f37bed4-08bb-427c-af3e-ec1ab3381be3" testName="EssentialCSharp.Web.Tests.SiteMappingTests.FindCSyntaxFundamentalsWithSpacesReturnsCorrectSiteMap" computerName="" duration="00:00:00.0000654" startTime="2025-06-13T00:02:19.1200681-07:00" endTime="2025-06-13T00:02:19.1201075-07:00" testType="13cdc9d9-ddb5-4fa4-a97d-d965ccfc6d4b" outcome="Passed" testListId="8c84fa94-04c1-424b-9868-57a2d4851a1d" relativeResultsDirectory="48794b38-235e-41e9-ac02-c0b8f8eb7e5d" />
    <UnitTestResult executionId="42a6aae6-1e78-4b6e-b7e2-87799833d6be" testId="91294fae-de10-0c38-b638-b2069fbb3c80" testName="EssentialCSharp.Web.Tests.SiteMappingTests.FindCSyntaxFundamentalsSanitizedWithAnchorReturnsCorrectSiteMap" computerName="" duration="00:00:00.0160714" startTime="2025-06-13T00:02:19.0603390-07:00" endTime="2025-06-13T00:02:19.1172647-07:00" testType="13cdc9d9-ddb5-4fa4-a97d-d965ccfc6d4b" outcome="Passed" testListId="8c84fa94-04c1-424b-9868-57a2d4851a1d" relativeResultsDirectory="42a6aae6-1e78-4b6e-b7e2-87799833d6be" />
    <UnitTestResult executionId="5ec64172-b211-4457-a865-17eabb65cf49" testId="87b070f2-0ef7-940d-6753-25f1102e1352" testName="EssentialCSharp.Web.Tests.SiteMappingTests.FindCSyntaxFundamentalsWithSpacesAndAnchorReturnsCorrectSiteMap" computerName="" duration="00:00:00.0002109" startTime="2025-06-13T00:02:19.1174024-07:00" endTime="2025-06-13T00:02:19.1198457-07:00" testType="13cdc9d9-ddb5-4fa4-a97d-d965ccfc6d4b" outcome="Passed" testListId="8c84fa94-04c1-424b-9868-57a2d4851a1d" relativeResultsDirectory="5ec64172-b211-4457-a865-17eabb65cf49" />
    <UnitTestResult executionId="29322f79-b20b-4135-9c98-170250e0e056" testId="71e5a88b-8d9c-7b69-20f5-096c6415c211" testName="EssentialCSharp.Web.Extensions.Tests.StringExtensionsTests.SanitizeStringToOnlyHaveDashesAndLowerCase(actual: &quot;C#_Syntax_Fundamentals&quot;, sanitized: &quot;c-syntax-fundamentals&quot;)" computerName="" duration="00:00:00.0000101" startTime="2025-06-13T00:02:19.0850601-07:00" endTime="2025-06-13T00:02:19.0850977-07:00" testType="13cdc9d9-ddb5-4fa4-a97d-d965ccfc6d4b" outcome="Passed" testListId="8c84fa94-04c1-424b-9868-57a2d4851a1d" relativeResultsDirectory="29322f79-b20b-4135-9c98-170250e0e056" />
    <UnitTestResult executionId="d2aea522-bebc-47b9-be15-7482f24165e0" testId="e83b2826-6eb2-f10a-8c5e-0af3b7f96b52" testName="EssentialCSharp.Web.Extensions.Tests.StringExtensionsTests.SanitizeStringToOnlyHaveDashesAndLowerCase(actual: &quot;C# Syntax Fundamentals&quot;, sanitized: &quot;c-syntax-fundamentals&quot;)" computerName="" duration="00:00:00.0000031" startTime="2025-06-13T00:02:19.0851564-07:00" endTime="2025-06-13T00:02:19.0860114-07:00" testType="13cdc9d9-ddb5-4fa4-a97d-d965ccfc6d4b" outcome="Passed" testListId="8c84fa94-04c1-424b-9868-57a2d4851a1d" relativeResultsDirectory="d2aea522-bebc-47b9-be15-7482f24165e0" />
    <UnitTestResult executionId="6497dffb-37fd-421e-b708-0c70419134c7" testId="75d6b896-16a2-b7c5-5c5b-dfb5eb91582f" testName="EssentialCSharp.Web.Extensions.Tests.StringExtensionsTests.GetPotentialMatches(actual: &quot;C#Syntax#hello-world&quot;, match: &quot;csyntax&quot;)" computerName="" duration="00:00:00.0000090" startTime="2025-06-13T00:02:19.1176637-07:00" endTime="2025-06-13T00:02:19.1177051-07:00" testType="13cdc9d9-ddb5-4fa4-a97d-d965ccfc6d4b" outcome="Passed" testListId="8c84fa94-04c1-424b-9868-57a2d4851a1d" relativeResultsDirectory="6497dffb-37fd-421e-b708-0c70419134c7" />
    <UnitTestResult executionId="73a49967-778f-400d-b6da-6e7553d37663" testId="fc9360de-9bce-7fa2-e45b-48b8f0e62b3f" testName="EssentialCSharp.Web.Extensions.Tests.StringExtensionsTests.GetPotentialMatches(actual: &quot;.NET&quot;, match: &quot;net&quot;)" computerName="" duration="00:00:00.0000034" startTime="2025-06-13T00:02:19.1194896-07:00" endTime="2025-06-13T00:02:19.1195710-07:00" testType="13cdc9d9-ddb5-4fa4-a97d-d965ccfc6d4b" outcome="Passed" testListId="8c84fa94-04c1-424b-9868-57a2d4851a1d" relativeResultsDirectory="73a49967-778f-400d-b6da-6e7553d37663" />
  </Results>
  <TestDefinitions>
    <UnitTest name="EssentialCSharp.Web.Extensions.Tests.StringExtensionsTests.GetPotentialMatches(actual: &quot;hello-world#hello-world&quot;, match: &quot;hello-world&quot;)" storage="\essentialcsharp.web.tests\bin\debug\net9.0\essentialcsharp.web.tests.dll" id="851e24ea-29b9-dafc-c3d3-f707b2f74d76">
      <Execution id="ce9935e1-a616-4e4f-ac60-005eb0569395" />
      <TestMethod codeBase="\EssentialCSharp.Web.Tests\bin\Debug\net9.0\EssentialCSharp.Web.Tests.dll" adapterTypeName="executor://xunit/VsTestRunner3/netcore/" className="EssentialCSharp.Web.Extensions.Tests.StringExtensionsTests" name="GetPotentialMatches" />
    </UnitTest>
    <UnitTest name="EssentialCSharp.Web.Extensions.Tests.StringExtensionsTests.GetPotentialMatches(actual: &quot;.NET&quot;, match: &quot;net&quot;)" storage="\essentialcsharp.web.tests\bin\debug\net9.0\essentialcsharp.web.tests.dll" id="fc9360de-9bce-7fa2-e45b-48b8f0e62b3f">
      <Execution id="73a49967-778f-400d-b6da-6e7553d37663" />
      <TestMethod codeBase="\EssentialCSharp.Web.Tests\bin\Debug\net9.0\EssentialCSharp.Web.Tests.dll" adapterTypeName="executor://xunit/VsTestRunner3/netcore/" className="EssentialCSharp.Web.Extensions.Tests.StringExtensionsTests" name="GetPotentialMatches" />
    </UnitTest>
    <UnitTest name="EssentialCSharp.Web.Extensions.Tests.StringExtensionsTests.SanitizeStringToOnlyHaveDashesAndLowerCase(actual: &quot;Hello World&quot;, sanitized: &quot;hello-world&quot;)" storage="\essentialcsharp.web.tests\bin\debug\net9.0\essentialcsharp.web.tests.dll" id="1deb186b-e0fd-4e17-6b8d-9a11f2be9170">
      <Execution id="9a1fe0e7-f1d5-4e34-a5b1-b890a137526a" />
      <TestMethod codeBase="\EssentialCSharp.Web.Tests\bin\Debug\net9.0\EssentialCSharp.Web.Tests.dll" adapterTypeName="executor://xunit/VsTestRunner3/netcore/" className="EssentialCSharp.Web.Extensions.Tests.StringExtensionsTests" name="SanitizeStringToOnlyHaveDashesAndLowerCase" />
    </UnitTest>
    <UnitTest name="EssentialCSharp.Web.Extensions.Tests.StringExtensionsTests.SanitizeStringToOnlyHaveDashesAndLowerCase(actual: &quot;C# Syntax_Fundamentals-for-me&quot;, sanitized: &quot;c-syntax-fundamentals-for-me&quot;)" storage="\essentialcsharp.web.tests\bin\debug\net9.0\essentialcsharp.web.tests.dll" id="6bfcea50-f677-d068-3ada-f9931a29e627">
      <Execution id="1adec59d-d2f8-4bfc-b915-3023e688ac40" />
      <TestMethod codeBase="\EssentialCSharp.Web.Tests\bin\Debug\net9.0\EssentialCSharp.Web.Tests.dll" adapterTypeName="executor://xunit/VsTestRunner3/netcore/" className="EssentialCSharp.Web.Extensions.Tests.StringExtensionsTests" name="SanitizeStringToOnlyHaveDashesAndLowerCase" />
    </UnitTest>
    <UnitTest name="EssentialCSharp.Web.Extensions.Tests.StringExtensionsTests.SanitizeStringToOnlyHaveDashesAndLowerCase(actual: &quot;C# Syntax Fundamentals&quot;, sanitized: &quot;c-syntax-fundamentals&quot;)" storage="\essentialcsharp.web.tests\bin\debug\net9.0\essentialcsharp.web.tests.dll" id="e83b2826-6eb2-f10a-8c5e-0af3b7f96b52">
      <Execution id="d2aea522-bebc-47b9-be15-7482f24165e0" />
      <TestMethod codeBase="\EssentialCSharp.Web.Tests\bin\Debug\net9.0\EssentialCSharp.Web.Tests.dll" adapterTypeName="executor://xunit/VsTestRunner3/netcore/" className="EssentialCSharp.Web.Extensions.Tests.StringExtensionsTests" name="SanitizeStringToOnlyHaveDashesAndLowerCase" />
    </UnitTest>
    <UnitTest name="EssentialCSharp.Web.Extensions.Tests.StringExtensionsTests.SanitizeStringToOnlyHaveDashesAndLowerCase(actual: &quot; ExtraSpacing &quot;, sanitized: &quot;extraspacing&quot;)" storage="\essentialcsharp.web.tests\bin\debug\net9.0\essentialcsharp.web.tests.dll" id="1101e987-1440-9748-c756-1a0ec43b8764">
      <Execution id="00dc07b8-b245-4632-b94e-c0e47707d746" />
      <TestMethod codeBase="\EssentialCSharp.Web.Tests\bin\Debug\net9.0\EssentialCSharp.Web.Tests.dll" adapterTypeName="executor://xunit/VsTestRunner3/netcore/" className="EssentialCSharp.Web.Extensions.Tests.StringExtensionsTests" name="SanitizeStringToOnlyHaveDashesAndLowerCase" />
    </UnitTest>
    <UnitTest name="EssentialCSharp.Web.Extensions.Tests.StringExtensionsTests.GetPotentialMatches(actual: &quot;C#Syntax#hello-world&quot;, match: &quot;csyntax&quot;)" storage="\essentialcsharp.web.tests\bin\debug\net9.0\essentialcsharp.web.tests.dll" id="75d6b896-16a2-b7c5-5c5b-dfb5eb91582f">
      <Execution id="6497dffb-37fd-421e-b708-0c70419134c7" />
      <TestMethod codeBase="\EssentialCSharp.Web.Tests\bin\Debug\net9.0\EssentialCSharp.Web.Tests.dll" adapterTypeName="executor://xunit/VsTestRunner3/netcore/" className="EssentialCSharp.Web.Extensions.Tests.StringExtensionsTests" name="GetPotentialMatches" />
    </UnitTest>
    <UnitTest name="EssentialCSharp.Web.Extensions.Tests.StringExtensionsTests.GetPotentialMatches(actual: &quot;System.Threading&quot;, match: &quot;system-threading&quot;)" storage="\essentialcsharp.web.tests\bin\debug\net9.0\essentialcsharp.web.tests.dll" id="be3199a5-cc90-18dd-5ae5-64b81b4c2faa">
      <Execution id="fbbd1c93-69c1-4f4f-b785-2d6ce6987b24" />
      <TestMethod codeBase="\EssentialCSharp.Web.Tests\bin\Debug\net9.0\EssentialCSharp.Web.Tests.dll" adapterTypeName="executor://xunit/VsTestRunner3/netcore/" className="EssentialCSharp.Web.Extensions.Tests.StringExtensionsTests" name="GetPotentialMatches" />
    </UnitTest>
    <UnitTest name="EssentialCSharp.Web.Tests.FunctionalTests.WhenTheApplicationStarts_ItCanLoadLoadPages(relativeUrl: &quot;/&quot;)" storage="\essentialcsharp.web.tests\bin\debug\net9.0\essentialcsharp.web.tests.dll" id="9f60f0fb-427e-be80-9aa6-32172b880db3">
      <Execution id="8878aec8-8146-43ce-8cef-db60c77e7c90" />
      <TestMethod codeBase="\EssentialCSharp.Web.Tests\bin\Debug\net9.0\EssentialCSharp.Web.Tests.dll" adapterTypeName="executor://xunit/VsTestRunner3/netcore/" className="EssentialCSharp.Web.Tests.FunctionalTests" name="WhenTheApplicationStarts_ItCanLoadLoadPages" />
    </UnitTest>
    <UnitTest name="EssentialCSharp.Web.Extensions.Tests.StringExtensionsTests.SanitizeStringToOnlyHaveDashesAndLowerCase(actual: &quot;C#_Syntax_Fundamentals&quot;, sanitized: &quot;c-syntax-fundamentals&quot;)" storage="\essentialcsharp.web.tests\bin\debug\net9.0\essentialcsharp.web.tests.dll" id="71e5a88b-8d9c-7b69-20f5-096c6415c211">
      <Execution id="29322f79-b20b-4135-9c98-170250e0e056" />
      <TestMethod codeBase="\EssentialCSharp.Web.Tests\bin\Debug\net9.0\EssentialCSharp.Web.Tests.dll" adapterTypeName="executor://xunit/VsTestRunner3/netcore/" className="EssentialCSharp.Web.Extensions.Tests.StringExtensionsTests" name="SanitizeStringToOnlyHaveDashesAndLowerCase" />
    </UnitTest>
    <UnitTest name="EssentialCSharp.Web.Tests.FunctionalTests.WhenTheApplicationStarts_NonExistingPage_GivesCorrectStatusCode" storage="\essentialcsharp.web.tests\bin\debug\net9.0\essentialcsharp.web.tests.dll" id="d55e8f1c-09e8-9aa6-d560-07ac3be7085e">
      <Execution id="6dfd6376-d1c9-402f-9e6f-212e57fd569e" />
      <TestMethod codeBase="\EssentialCSharp.Web.Tests\bin\Debug\net9.0\EssentialCSharp.Web.Tests.dll" adapterTypeName="executor://xunit/VsTestRunner3/netcore/" className="EssentialCSharp.Web.Tests.FunctionalTests" name="WhenTheApplicationStarts_NonExistingPage_GivesCorrectStatusCode" />
    </UnitTest>
    <UnitTest name="EssentialCSharp.Web.Extensions.Tests.StringExtensionsTests.SanitizeStringToOnlyHaveDashesAndLowerCase(actual: &quot;Bitwise Operators (&lt;&lt;, &gt;&gt;, |, &amp;, ^, ~)&quot;, sanitized: &quot;bitwise-operators&quot;)" storage="\essentialcsharp.web.tests\bin\debug\net9.0\essentialcsharp.web.tests.dll" id="eaedd574-aab7-a4f5-4830-af8972a67715">
      <Execution id="c7f3fbb6-9325-4086-b9fb-fe094e3926a8" />
      <TestMethod codeBase="\EssentialCSharp.Web.Tests\bin\Debug\net9.0\EssentialCSharp.Web.Tests.dll" adapterTypeName="executor://xunit/VsTestRunner3/netcore/" className="EssentialCSharp.Web.Extensions.Tests.StringExtensionsTests" name="SanitizeStringToOnlyHaveDashesAndLowerCase" />
    </UnitTest>
    <UnitTest name="EssentialCSharp.Web.Extensions.Tests.StringExtensionsTests.SanitizeStringToOnlyHaveDashesAndLowerCase(actual: &quot;Working with System.Threading&quot;, sanitized: &quot;working-with-system-threading&quot;)" storage="\essentialcsharp.web.tests\bin\debug\net9.0\essentialcsharp.web.tests.dll" id="7420381f-7a33-0fb8-15a4-9eab7ddb9575">
      <Execution id="db18a30b-cca5-4596-913c-7bc99e31ecce" />
      <TestMethod codeBase="\EssentialCSharp.Web.Tests\bin\Debug\net9.0\EssentialCSharp.Web.Tests.dll" adapterTypeName="executor://xunit/VsTestRunner3/netcore/" className="EssentialCSharp.Web.Extensions.Tests.StringExtensionsTests" name="SanitizeStringToOnlyHaveDashesAndLowerCase" />
    </UnitTest>
    <UnitTest name="EssentialCSharp.Web.Tests.SiteMappingTests.FindCSyntaxFundamentalsWithSpacesReturnsCorrectSiteMap" storage="\essentialcsharp.web.tests\bin\debug\net9.0\essentialcsharp.web.tests.dll" id="1f37bed4-08bb-427c-af3e-ec1ab3381be3">
      <Execution id="48794b38-235e-41e9-ac02-c0b8f8eb7e5d" />
      <TestMethod codeBase="\EssentialCSharp.Web.Tests\bin\Debug\net9.0\EssentialCSharp.Web.Tests.dll" adapterTypeName="executor://xunit/VsTestRunner3/netcore/" className="EssentialCSharp.Web.Tests.SiteMappingTests" name="FindCSyntaxFundamentalsWithSpacesReturnsCorrectSiteMap" />
    </UnitTest>
    <UnitTest name="EssentialCSharp.Web.Tests.SiteMappingTests.FindHelloWorldWithAnchorSlugReturnsCorrectSiteMap" storage="\essentialcsharp.web.tests\bin\debug\net9.0\essentialcsharp.web.tests.dll" id="8a882663-7d3d-36b7-ae80-b7841642a9a3">
      <Execution id="2b5334c8-51f7-4a01-92b9-7034298f7d21" />
      <TestMethod codeBase="\EssentialCSharp.Web.Tests\bin\Debug\net9.0\EssentialCSharp.Web.Tests.dll" adapterTypeName="executor://xunit/VsTestRunner3/netcore/" className="EssentialCSharp.Web.Tests.SiteMappingTests" name="FindHelloWorldWithAnchorSlugReturnsCorrectSiteMap" />
    </UnitTest>
    <UnitTest name="EssentialCSharp.Web.Extensions.Tests.StringExtensionsTests.GetPotentialMatches(actual: &quot;cSyntax&quot;, match: &quot;csyntax&quot;)" storage="\essentialcsharp.web.tests\bin\debug\net9.0\essentialcsharp.web.tests.dll" id="b333340b-ed70-c52c-aa72-3f2151555626">
      <Execution id="ec24e4a4-f4f6-4b7f-9249-c5c80cb5b323" />
      <TestMethod codeBase="\EssentialCSharp.Web.Tests\bin\Debug\net9.0\EssentialCSharp.Web.Tests.dll" adapterTypeName="executor://xunit/VsTestRunner3/netcore/" className="EssentialCSharp.Web.Extensions.Tests.StringExtensionsTests" name="GetPotentialMatches" />
    </UnitTest>
    <UnitTest name="EssentialCSharp.Web.Extensions.Tests.StringExtensionsTests.GetPotentialMatches(actual: &quot;C#Syntax&quot;, match: &quot;csyntax&quot;)" storage="\essentialcsharp.web.tests\bin\debug\net9.0\essentialcsharp.web.tests.dll" id="bd1997df-8e75-50f4-9750-17aa53f37720">
      <Execution id="023ff08a-b429-48d4-a11e-e05227a4eb31" />
      <TestMethod codeBase="\EssentialCSharp.Web.Tests\bin\Debug\net9.0\EssentialCSharp.Web.Tests.dll" adapterTypeName="executor://xunit/VsTestRunner3/netcore/" className="EssentialCSharp.Web.Extensions.Tests.StringExtensionsTests" name="GetPotentialMatches" />
    </UnitTest>
    <UnitTest name="EssentialCSharp.Web.Tests.FunctionalTests.WhenTheApplicationStarts_ItCanLoadLoadPages(relativeUrl: &quot;/hello-world#hello-world&quot;)" storage="\essentialcsharp.web.tests\bin\debug\net9.0\essentialcsharp.web.tests.dll" id="4e462c36-4113-809a-1a7b-304b2ffc9a5b">
      <Execution id="acd63447-2ae6-469d-838a-a7712a4d7fd8" />
      <TestMethod codeBase="\EssentialCSharp.Web.Tests\bin\Debug\net9.0\EssentialCSharp.Web.Tests.dll" adapterTypeName="executor://xunit/VsTestRunner3/netcore/" className="EssentialCSharp.Web.Tests.FunctionalTests" name="WhenTheApplicationStarts_ItCanLoadLoadPages" />
    </UnitTest>
    <UnitTest name="EssentialCSharp.Web.Extensions.Tests.StringExtensionsTests.SanitizeStringToOnlyHaveDashesAndLowerCase(actual: &quot;C#&quot;, sanitized: &quot;c&quot;)" storage="\essentialcsharp.web.tests\bin\debug\net9.0\essentialcsharp.web.tests.dll" id="33a4ee73-4b0e-e25c-41c6-875c7db8b620">
      <Execution id="a7a32b98-9138-418c-bd91-c1cd56efc995" />
      <TestMethod codeBase="\EssentialCSharp.Web.Tests\bin\Debug\net9.0\EssentialCSharp.Web.Tests.dll" adapterTypeName="executor://xunit/VsTestRunner3/netcore/" className="EssentialCSharp.Web.Extensions.Tests.StringExtensionsTests" name="SanitizeStringToOnlyHaveDashesAndLowerCase" />
    </UnitTest>
    <UnitTest name="EssentialCSharp.Web.Extensions.Tests.StringExtensionsTests.SanitizeStringToOnlyHaveDashesAndLowerCase(actual: &quot;.NET Standard&quot;, sanitized: &quot;net-standard&quot;)" storage="\essentialcsharp.web.tests\bin\debug\net9.0\essentialcsharp.web.tests.dll" id="e044d912-2006-8597-d74a-b59bccb53ab7">
      <Execution id="802e418f-eb14-467d-b2ec-b390334ccd78" />
      <TestMethod codeBase="\EssentialCSharp.Web.Tests\bin\Debug\net9.0\EssentialCSharp.Web.Tests.dll" adapterTypeName="executor://xunit/VsTestRunner3/netcore/" className="EssentialCSharp.Web.Extensions.Tests.StringExtensionsTests" name="SanitizeStringToOnlyHaveDashesAndLowerCase" />
    </UnitTest>
    <UnitTest name="EssentialCSharp.Web.Tests.FunctionalTests.WhenTheApplicationStarts_ItCanLoadLoadPages(relativeUrl: &quot;/hello-world&quot;)" storage="\essentialcsharp.web.tests\bin\debug\net9.0\essentialcsharp.web.tests.dll" id="054524c1-cdb4-df39-6c4b-119041bb0c67">
      <Execution id="622930cd-53c7-45b4-b630-588841fe5dca" />
      <TestMethod codeBase="\EssentialCSharp.Web.Tests\bin\Debug\net9.0\EssentialCSharp.Web.Tests.dll" adapterTypeName="executor://xunit/VsTestRunner3/netcore/" className="EssentialCSharp.Web.Tests.FunctionalTests" name="WhenTheApplicationStarts_ItCanLoadLoadPages" />
    </UnitTest>
    <UnitTest name="EssentialCSharp.Web.Tests.SiteMappingTests.FindCSyntaxFundamentalsWithSpacesAndAnchorReturnsCorrectSiteMap" storage="\essentialcsharp.web.tests\bin\debug\net9.0\essentialcsharp.web.tests.dll" id="87b070f2-0ef7-940d-6753-25f1102e1352">
      <Execution id="5ec64172-b211-4457-a865-17eabb65cf49" />
      <TestMethod codeBase="\EssentialCSharp.Web.Tests\bin\Debug\net9.0\EssentialCSharp.Web.Tests.dll" adapterTypeName="executor://xunit/VsTestRunner3/netcore/" className="EssentialCSharp.Web.Tests.SiteMappingTests" name="FindCSyntaxFundamentalsWithSpacesAndAnchorReturnsCorrectSiteMap" />
    </UnitTest>
    <UnitTest name="EssentialCSharp.Web.Tests.SiteMappingTests.FindCSyntaxFundamentalsSanitizedWithAnchorReturnsCorrectSiteMap" storage="\essentialcsharp.web.tests\bin\debug\net9.0\essentialcsharp.web.tests.dll" id="91294fae-de10-0c38-b638-b2069fbb3c80">
      <Execution id="42a6aae6-1e78-4b6e-b7e2-87799833d6be" />
      <TestMethod codeBase="\EssentialCSharp.Web.Tests\bin\Debug\net9.0\EssentialCSharp.Web.Tests.dll" adapterTypeName="executor://xunit/VsTestRunner3/netcore/" className="EssentialCSharp.Web.Tests.SiteMappingTests" name="FindCSyntaxFundamentalsSanitizedWithAnchorReturnsCorrectSiteMap" />
    </UnitTest>
    <UnitTest name="EssentialCSharp.Web.Tests.FunctionalTests.WhenTheApplicationStarts_ItCanLoadLoadPages(relativeUrl: &quot;/guidelines&quot;)" storage="\essentialcsharp.web.tests\bin\debug\net9.0\essentialcsharp.web.tests.dll" id="f3a701af-1707-bcb2-2db2-1db7b4391b3e">
      <Execution id="e03ab218-053c-4c6c-9450-b4b7bd6e1f2f" />
      <TestMethod codeBase="\EssentialCSharp.Web.Tests\bin\Debug\net9.0\EssentialCSharp.Web.Tests.dll" adapterTypeName="executor://xunit/VsTestRunner3/netcore/" className="EssentialCSharp.Web.Tests.FunctionalTests" name="WhenTheApplicationStarts_ItCanLoadLoadPages" />
    </UnitTest>
    <UnitTest name="EssentialCSharp.Web.Extensions.Tests.StringExtensionsTests.SanitizeStringToOnlyHaveDashesAndLowerCase(actual: &quot;Coding the Publish–Subscribe Pattern with Multicas&quot;···, sanitized: &quot;coding-the-publish-subscribe-pattern-with-multicas&quot;···)" storage="\essentialcsharp.web.tests\bin\debug\net9.0\essentialcsharp.web.tests.dll" id="fe528e84-bb8d-bd8b-ade5-ec680e02ca89">
      <Execution id="254e1bff-d2f5-4e46-a9e4-4ce76e93caea" />
      <TestMethod codeBase="\EssentialCSharp.Web.Tests\bin\Debug\net9.0\EssentialCSharp.Web.Tests.dll" adapterTypeName="executor://xunit/VsTestRunner3/netcore/" className="EssentialCSharp.Web.Extensions.Tests.StringExtensionsTests" name="SanitizeStringToOnlyHaveDashesAndLowerCase" />
    </UnitTest>
    <UnitTest name="EssentialCSharp.Web.Extensions.Tests.Integration.CaptchaTests.CaptchaService_Verify_Success" storage="\essentialcsharp.web.tests\bin\debug\net9.0\essentialcsharp.web.tests.dll" id="31ac6b2f-1fc0-6011-ddeb-00a8f0f21c77">
      <Execution id="ef2ddc7f-fac3-4af9-8d88-a059695e7251" />
      <TestMethod codeBase="\EssentialCSharp.Web.Tests\bin\Debug\net9.0\EssentialCSharp.Web.Tests.dll" adapterTypeName="executor://xunit/VsTestRunner3/netcore/" className="EssentialCSharp.Web.Extensions.Tests.Integration.CaptchaTests" name="CaptchaService_Verify_Success" />
    </UnitTest>
  </TestDefinitions>
  <TestEntries>
    <TestEntry testId="eaedd574-aab7-a4f5-4830-af8972a67715" executionId="c7f3fbb6-9325-4086-b9fb-fe094e3926a8" testListId="8c84fa94-04c1-424b-9868-57a2d4851a1d" />
    <TestEntry testId="4e462c36-4113-809a-1a7b-304b2ffc9a5b" executionId="acd63447-2ae6-469d-838a-a7712a4d7fd8" testListId="8c84fa94-04c1-424b-9868-57a2d4851a1d" />
    <TestEntry testId="6bfcea50-f677-d068-3ada-f9931a29e627" executionId="1adec59d-d2f8-4bfc-b915-3023e688ac40" testListId="8c84fa94-04c1-424b-9868-57a2d4851a1d" />
    <TestEntry testId="33a4ee73-4b0e-e25c-41c6-875c7db8b620" executionId="a7a32b98-9138-418c-bd91-c1cd56efc995" testListId="8c84fa94-04c1-424b-9868-57a2d4851a1d" />
    <TestEntry testId="1101e987-1440-9748-c756-1a0ec43b8764" executionId="00dc07b8-b245-4632-b94e-c0e47707d746" testListId="8c84fa94-04c1-424b-9868-57a2d4851a1d" />
    <TestEntry testId="31ac6b2f-1fc0-6011-ddeb-00a8f0f21c77" executionId="ef2ddc7f-fac3-4af9-8d88-a059695e7251" testListId="8c84fa94-04c1-424b-9868-57a2d4851a1d" />
    <TestEntry testId="e044d912-2006-8597-d74a-b59bccb53ab7" executionId="802e418f-eb14-467d-b2ec-b390334ccd78" testListId="8c84fa94-04c1-424b-9868-57a2d4851a1d" />
    <TestEntry testId="bd1997df-8e75-50f4-9750-17aa53f37720" executionId="023ff08a-b429-48d4-a11e-e05227a4eb31" testListId="8c84fa94-04c1-424b-9868-57a2d4851a1d" />
    <TestEntry testId="1deb186b-e0fd-4e17-6b8d-9a11f2be9170" executionId="9a1fe0e7-f1d5-4e34-a5b1-b890a137526a" testListId="8c84fa94-04c1-424b-9868-57a2d4851a1d" />
    <TestEntry testId="851e24ea-29b9-dafc-c3d3-f707b2f74d76" executionId="ce9935e1-a616-4e4f-ac60-005eb0569395" testListId="8c84fa94-04c1-424b-9868-57a2d4851a1d" />
    <TestEntry testId="fe528e84-bb8d-bd8b-ade5-ec680e02ca89" executionId="254e1bff-d2f5-4e46-a9e4-4ce76e93caea" testListId="8c84fa94-04c1-424b-9868-57a2d4851a1d" />
    <TestEntry testId="be3199a5-cc90-18dd-5ae5-64b81b4c2faa" executionId="fbbd1c93-69c1-4f4f-b785-2d6ce6987b24" testListId="8c84fa94-04c1-424b-9868-57a2d4851a1d" />
    <TestEntry testId="9f60f0fb-427e-be80-9aa6-32172b880db3" executionId="8878aec8-8146-43ce-8cef-db60c77e7c90" testListId="8c84fa94-04c1-424b-9868-57a2d4851a1d" />
    <TestEntry testId="f3a701af-1707-bcb2-2db2-1db7b4391b3e" executionId="e03ab218-053c-4c6c-9450-b4b7bd6e1f2f" testListId="8c84fa94-04c1-424b-9868-57a2d4851a1d" />
    <TestEntry testId="7420381f-7a33-0fb8-15a4-9eab7ddb9575" executionId="db18a30b-cca5-4596-913c-7bc99e31ecce" testListId="8c84fa94-04c1-424b-9868-57a2d4851a1d" />
    <TestEntry testId="8a882663-7d3d-36b7-ae80-b7841642a9a3" executionId="2b5334c8-51f7-4a01-92b9-7034298f7d21" testListId="8c84fa94-04c1-424b-9868-57a2d4851a1d" />
    <TestEntry testId="054524c1-cdb4-df39-6c4b-119041bb0c67" executionId="622930cd-53c7-45b4-b630-588841fe5dca" testListId="8c84fa94-04c1-424b-9868-57a2d4851a1d" />
    <TestEntry testId="b333340b-ed70-c52c-aa72-3f2151555626" executionId="ec24e4a4-f4f6-4b7f-9249-c5c80cb5b323" testListId="8c84fa94-04c1-424b-9868-57a2d4851a1d" />
    <TestEntry testId="d55e8f1c-09e8-9aa6-d560-07ac3be7085e" executionId="6dfd6376-d1c9-402f-9e6f-212e57fd569e" testListId="8c84fa94-04c1-424b-9868-57a2d4851a1d" />
    <TestEntry testId="1f37bed4-08bb-427c-af3e-ec1ab3381be3" executionId="48794b38-235e-41e9-ac02-c0b8f8eb7e5d" testListId="8c84fa94-04c1-424b-9868-57a2d4851a1d" />
    <TestEntry testId="91294fae-de10-0c38-b638-b2069fbb3c80" executionId="42a6aae6-1e78-4b6e-b7e2-87799833d6be" testListId="8c84fa94-04c1-424b-9868-57a2d4851a1d" />
    <TestEntry testId="87b070f2-0ef7-940d-6753-25f1102e1352" executionId="5ec64172-b211-4457-a865-17eabb65cf49" testListId="8c84fa94-04c1-424b-9868-57a2d4851a1d" />
    <TestEntry testId="71e5a88b-8d9c-7b69-20f5-096c6415c211" executionId="29322f79-b20b-4135-9c98-170250e0e056" testListId="8c84fa94-04c1-424b-9868-57a2d4851a1d" />
    <TestEntry testId="e83b2826-6eb2-f10a-8c5e-0af3b7f96b52" executionId="d2aea522-bebc-47b9-be15-7482f24165e0" testListId="8c84fa94-04c1-424b-9868-57a2d4851a1d" />
    <TestEntry testId="75d6b896-16a2-b7c5-5c5b-dfb5eb91582f" executionId="6497dffb-37fd-421e-b708-0c70419134c7" testListId="8c84fa94-04c1-424b-9868-57a2d4851a1d" />
    <TestEntry testId="fc9360de-9bce-7fa2-e45b-48b8f0e62b3f" executionId="73a49967-778f-400d-b6da-6e7553d37663" testListId="8c84fa94-04c1-424b-9868-57a2d4851a1d" />
  </TestEntries>
  <TestLists>
    <TestList name="Results Not in a List" id="8c84fa94-04c1-424b-9868-57a2d4851a1d" />
    <TestList name="All Loaded Results" id="19431567-8539-422a-85d7-44ee4e166bda" />
  </TestLists>
  <ResultSummary outcome="Completed">
    <Counters total="26" executed="26" passed="26" failed="0" error="0" timeout="0" aborted="0" inconclusive="0" passedButRunAborted="0" notRunnable="0" notExecuted="0" disconnected="0" warning="0" completed="0" inProgress="0" pending="0" />
    <Output>
      <StdOut>[xUnit.net 00:00:00.00] xUnit.net VSTest Adapter v3.0.1+f8675c32e5 (64-bit .NET 9.0.5)&#xD;
[xUnit.net 00:00:00.11]   Discovering: EssentialCSharp.Web.Tests&#xD;
[xUnit.net 00:00:00.17]   Discovered:  EssentialCSharp.Web.Tests&#xD;
[xUnit.net 00:00:00.19]   Starting:    EssentialCSharp.Web.Tests&#xD;
warn: Microsoft.AspNetCore.HttpsPolicy.HttpsRedirectionMiddleware[3]&#xD;
      Failed to determine the https port for redirect.&#xD;
warn: Microsoft.AspNetCore.HttpsPolicy.HttpsRedirectionMiddleware[3]&#xD;
      Failed to determine the https port for redirect.&#xD;
warn: Microsoft.AspNetCore.HttpsPolicy.HttpsRedirectionMiddleware[3]&#xD;
      Failed to determine the https port for redirect.&#xD;
warn: Microsoft.AspNetCore.HttpsPolicy.HttpsRedirectionMiddleware[3]&#xD;
      Failed to determine the https port for redirect.&#xD;
warn: Microsoft.AspNetCore.HttpsPolicy.HttpsRedirectionMiddleware[3]&#xD;
      Failed to determine the https port for redirect.&#xD;
[xUnit.net 00:00:02.60]   Finished:    EssentialCSharp.Web.Tests&#xD;
</StdOut>
    </Output>
  </ResultSummary>
</TestRun>